/*C3*/SET SCHEMA PUBLIC
DISCONNECT
/*C4*/SET SCHEMA PUBLIC
INSERT INTO PRODUTOS VALUES(11,'teste11',11,110.00,'2024-05-14')
COMMIT
DISCONNECT
/*C6*/SET SCHEMA PUBLIC
DISCONNECT
/*C5*/SET SCHEMA PUBLIC
DISCONNECT
/*C7*/SET SCHEMA PUBLIC
DELETE FROM PRODUTOS WHERE CODIGO=10
INSERT INTO PRODUTOS VALUES(10,'computador',111,10.00,'2011-03-03')
COMMIT
DISCONNECT
/*C8*/SET SCHEMA PUBLIC
DISCONNECT
/*C10*/SET SCHEMA PUBLIC
DELETE FROM PRODUTOS WHERE CODIGO=10
COMMIT
/*C9*/SET SCHEMA PUBLIC
DISCONNECT
/*C10*/DISCONNECT
/*C11*/SET SCHEMA PUBLIC
DISCONNECT
